2026.06.06 22:11:26,083	INFO	3	com.l2journey.commons.util.IXmlReader	Network Config: ipconfig.xml exists, using manual configuration...
2026.06.06 22:11:26,281	INFO	3	com.l2journey.Config	Loaded 6 Filter Words.
2026.06.06 22:11:26,304	INFO	3	com.l2journey.gameserver.GameServer	------------------------------------------------=[ Database ]
2026.06.06 22:11:26,464	INFO	3	com.l2journey.commons.database.DatabaseFactory	Database: HikariCP pool initialized successfully.
2026.06.06 22:11:26,651	INFO	3	com.l2journey.commons.database.DatabaseFactory	Database: Initialized with a valid connection.
2026.06.06 22:11:26,660	INFO	3	com.l2journey.gameserver.GameServer	----------------------------------------------=[ ThreadPool ]
2026.06.06 22:11:26,662	INFO	3	com.l2journey.commons.threads.ThreadPool	ThreadPool: Initialized
2026.06.06 22:11:26,662	INFO	3	com.l2journey.commons.threads.ThreadPool	...scheduled pool executor with 8 high priority threads.
2026.06.06 22:11:26,669	INFO	3	com.l2journey.commons.threads.ThreadPool	...scheduled pool executor with 32 total threads.
2026.06.06 22:11:26,669	INFO	3	com.l2journey.commons.threads.ThreadPool	...instant pool executor with 16 total threads.
2026.06.06 22:11:26,671	INFO	3	com.l2journey.gameserver.GameServer	-----------------------------------------------=[ IdManager ]
2026.06.06 22:11:26,758	INFO	3	com.l2journey.gameserver.managers.DatabaseIdManager	DatabaseIdManager: Cleaned 0 elements in 0 seconds.
2026.06.06 22:11:26,764	INFO	3	com.l2journey.gameserver.managers.DatabaseIdManager	DatabaseIdManager: Updated character online status.
2026.06.06 22:11:26,771	INFO	3	com.l2journey.gameserver.managers.DatabaseIdManager	DatabaseIdManager: Cleaned 0 expired timestamps.
2026.06.06 22:11:26,795	INFO	3	com.l2journey.gameserver.managers.IdManager	IdManager: 102912 ids available.
2026.06.06 22:11:26,795	INFO	3	com.l2journey.gameserver.GameServer	----------------------------------------=[ Scripting Engine ]
2026.06.06 22:11:27,109	INFO	3	com.l2journey.gameserver.scripting.ScriptEngineManager	Loaded 440 files to exclude.
2026.06.06 22:11:27,109	INFO	3	com.l2journey.gameserver.GameServer	---------------------------------------------------=[ World ]
2026.06.06 22:11:27,116	INFO	3	com.l2journey.commons.util.IXmlReader	InstanceManager: Multiverse Instance created.
2026.06.06 22:11:27,117	INFO	3	com.l2journey.commons.util.IXmlReader	InstanceManager: Universe Instance created.
2026.06.06 22:11:27,134	INFO	3	com.l2journey.commons.util.IXmlReader	InstanceManager: Loaded 160 instance names.
2026.06.06 22:11:27,719	INFO	3	com.l2journey.commons.util.IXmlReader	InstanceManager: Loaded 142 instance templates.
2026.06.06 22:11:27,877	INFO	3	com.l2journey.commons.util.IXmlReader	MapRegionManager: Loaded 57 map regions.
2026.06.06 22:11:27,889	INFO	3	com.l2journey.gameserver.managers.GlobalVariablesManager	GlobalVariablesManager: Loaded 14 variables.
2026.06.06 22:11:27,889	INFO	3	com.l2journey.gameserver.GameServer	----------------------------------------------------=[ Data ]
2026.06.06 22:11:27,927	INFO	3	com.l2journey.gameserver.data.xml.CategoryData	CategoryData: Loaded 180 categories.
2026.06.06 22:11:27,939	INFO	3	com.l2journey.commons.util.IXmlReader	SecondaryAuthData: Loaded 328 forbidden passwords.
2026.06.06 22:11:27,940	INFO	3	com.l2journey.gameserver.GameServer	--------------------------------------------------=[ Skills ]
2026.06.06 22:11:29,925	INFO	3	handlers.EffectMasterHandler	EffectMasterHandler: Loaded 169 effect handlers.
2026.06.06 22:11:29,952	INFO	3	com.l2journey.commons.util.IXmlReader	EnchantSkillGroupsData: Loaded 4 groups and 90 routes.
2026.06.06 22:11:30,607	INFO	3	com.l2journey.commons.util.IXmlReader	SkillTreeData: Loaded 17176 Class Skills for 103 class skill trees.
2026.06.06 22:11:30,608	INFO	3	com.l2journey.commons.util.IXmlReader	SkillTreeData: Loaded 76 sub-class skills.
2026.06.06 22:11:30,608	INFO	3	com.l2journey.commons.util.IXmlReader	SkillTreeData: Loaded 77 transfer skills for 3 transfer skill trees.
2026.06.06 22:11:30,608	INFO	3	com.l2journey.commons.util.IXmlReader	SkillTreeData: Loaded 117 fishing skills, 8 Dwarven only fishing skills.
2026.06.06 22:11:30,609	INFO	3	com.l2journey.commons.util.IXmlReader	SkillTreeData: Loaded 3 collect skills.
2026.06.06 22:11:30,614	INFO	3	com.l2journey.commons.util.IXmlReader	SkillTreeData: Loaded 94 clan skills, 64 for clan and 30 residential.
2026.06.06 22:11:30,616	INFO	3	com.l2journey.commons.util.IXmlReader	SkillTreeData: Loaded 18 sub-pledge skills.
2026.06.06 22:11:30,617	INFO	3	com.l2journey.commons.util.IXmlReader	SkillTreeData: Loaded 32 transform skills.
2026.06.06 22:11:30,618	INFO	3	com.l2journey.commons.util.IXmlReader	SkillTreeData: Loaded 8 noble skills.
2026.06.06 22:11:30,618	INFO	3	com.l2journey.commons.util.IXmlReader	SkillTreeData: Loaded 5 hero skills.
2026.06.06 22:11:30,618	INFO	3	com.l2journey.commons.util.IXmlReader	SkillTreeData: Loaded 46 game master skills.
2026.06.06 22:11:30,619	INFO	3	com.l2journey.commons.util.IXmlReader	SkillTreeData: Loaded 46 game master aura skills.
2026.06.06 22:11:35,218	INFO	3	com.l2journey.gameserver.data.xml.SkillData	SkillData: Loaded 65966 Skill templates from XML files.
2026.06.06 22:11:35,287	INFO	3	com.l2journey.gameserver.data.xml.PetSkillData	PetSkillData: Loaded 881 skills.
2026.06.06 22:11:35,287	INFO	3	com.l2journey.gameserver.GameServer	---------------------------------------------------=[ Items ]
2026.06.06 22:11:36,732	INFO	3	com.l2journey.gameserver.data.xml.ItemData	ItemData: Highest item id used: 50000
2026.06.06 22:11:36,736	INFO	3	com.l2journey.gameserver.data.xml.ItemData	ItemData: Loaded 11482 etc items.
2026.06.06 22:11:36,737	INFO	3	com.l2journey.gameserver.data.xml.ItemData	ItemData: Loaded 3825 armor items.
2026.06.06 22:11:36,737	INFO	3	com.l2journey.gameserver.data.xml.ItemData	ItemData: Loaded 3893 weapon items.
2026.06.06 22:11:36,737	INFO	3	com.l2journey.gameserver.data.xml.ItemData	ItemData: Loaded 19200 items in total.
2026.06.06 22:11:36,745	INFO	3	com.l2journey.commons.util.IXmlReader	EnchantItemGroupsData: Loaded 4 item group templates.
2026.06.06 22:11:36,746	INFO	3	com.l2journey.commons.util.IXmlReader	EnchantItemGroupsData: Loaded 1 scroll group templates.
2026.06.06 22:11:36,746	INFO	3	com.l2journey.commons.util.IXmlReader	EnchantItemGroupsData: Max weapon enchant is set to 16.
2026.06.06 22:11:36,746	INFO	3	com.l2journey.commons.util.IXmlReader	EnchantItemGroupsData: Max armor enchant is set to 16.
2026.06.06 22:11:36,747	INFO	3	com.l2journey.commons.util.IXmlReader	EnchantItemGroupsData: Max accessory enchant is set to 16.
2026.06.06 22:11:36,759	INFO	3	com.l2journey.commons.util.IXmlReader	EnchantItemData: Loaded 63 enchant scrolls.
2026.06.06 22:11:36,760	INFO	3	com.l2journey.commons.util.IXmlReader	EnchantItemData: Loaded 20 support items.
2026.06.06 22:11:37,993	INFO	3	com.l2journey.gameserver.data.xml.OptionData	OptionData: Loaded 24985 options.
2026.06.06 22:11:38,007	INFO	3	com.l2journey.commons.util.IXmlReader	EnchantItemOptionsData: Loaded 23 items and 1093 options.
2026.06.06 22:11:38,015	INFO	3	com.l2journey.commons.util.IXmlReader	ElementalAttributeData: Loaded 30 elemental attribute items.
2026.06.06 22:11:38,024	INFO	3	com.l2journey.commons.util.IXmlReader	EnchantItemHPBonusData: Loaded 6 enchant HP bonuses.
2026.06.06 22:11:38,029	INFO	3	com.l2journey.gameserver.data.MerchantPriceConfigTable	MerchantPriceConfigTable: Loaded 28 merchant price configs.
2026.06.06 22:11:39,842	INFO	3	com.l2journey.gameserver.data.xml.BuyListData	BuyListData: Loaded 760 buyLists.
2026.06.06 22:11:40,779	INFO	3	com.l2journey.commons.util.IXmlReader	MultisellData: Loaded 246 multisell lists.
2026.06.06 22:11:40,836	INFO	3	com.l2journey.commons.util.IXmlReader	RecipeData: Loaded 1000 recipes.
2026.06.06 22:11:40,902	INFO	3	com.l2journey.commons.util.IXmlReader	ArmorSetData: Loaded 204 armor sets.
2026.06.06 22:11:40,918	INFO	3	com.l2journey.commons.util.IXmlReader	FishData: Loaded 278 fishes.
2026.06.06 22:11:40,922	INFO	3	com.l2journey.commons.util.IXmlReader	FishingMonstersData: Loaded 8 fishing monsters.
2026.06.06 22:11:40,926	INFO	3	com.l2journey.commons.util.IXmlReader	FishingRodsData: Loaded 6 fishing rods.
2026.06.06 22:11:40,966	INFO	3	com.l2journey.commons.util.IXmlReader	HennaData: Loaded 180 henna data.
2026.06.06 22:11:40,969	INFO	3	com.l2journey.gameserver.GameServer	----------------------------------------------=[ Characters ]
2026.06.06 22:11:40,975	INFO	3	com.l2journey.commons.util.IXmlReader	ClassListData: Loaded 103 class data.
2026.06.06 22:11:40,983	INFO	3	com.l2journey.commons.util.IXmlReader	InitialEquipmentData: Loaded 11 initial equipment data.
2026.06.06 22:11:40,989	INFO	3	com.l2journey.commons.util.IXmlReader	InitialShortcutData: Loaded 5 initial global shortcut data.
2026.06.06 22:11:40,990	INFO	3	com.l2journey.commons.util.IXmlReader	InitialShortcutData: Loaded 4 initial shortcut data.
2026.06.06 22:11:40,990	INFO	3	com.l2journey.commons.util.IXmlReader	InitialShortcutData: Loaded 0 macro presets.
2026.06.06 22:11:40,996	INFO	3	com.l2journey.gameserver.data.xml.ExperienceData	ExperienceData: Loaded 86 levels.
2026.06.06 22:11:40,997	INFO	3	com.l2journey.gameserver.data.xml.ExperienceData	ExperienceData: Max Player Level is 85.
2026.06.06 22:11:40,997	INFO	3	com.l2journey.gameserver.data.xml.ExperienceData	ExperienceData: Max Pet Level is 86.
2026.06.06 22:11:41,007	INFO	3	com.l2journey.commons.util.IXmlReader	KarmaData: Loaded 85 karma modifiers.
2026.06.06 22:11:41,012	INFO	3	com.l2journey.commons.util.IXmlReader	HitConditionBonusData: Loaded hit condition bonuses.
2026.06.06 22:11:41,569	INFO	3	com.l2journey.gameserver.data.xml.PlayerTemplateData	PlayerTemplateData: Loaded 103 character templates.
2026.06.06 22:11:41,569	INFO	3	com.l2journey.gameserver.data.xml.PlayerTemplateData	PlayerTemplateData: Loaded 52530 level up gain records.
2026.06.06 22:11:41,571	INFO	3	com.l2journey.gameserver.data.sql.CharInfoTable	CharInfoTable: Loaded 1 char names.
2026.06.06 22:11:41,579	INFO	3	com.l2journey.gameserver.data.xml.AdminData	AdminData: Loaded 10 access levels.
2026.06.06 22:11:41,590	INFO	3	com.l2journey.gameserver.data.xml.AdminData	AdminData: Loaded 476 access commands.
2026.06.06 22:11:41,593	INFO	3	com.l2journey.gameserver.managers.RaidBossPointsManager	RaidBossPointsManager: Loaded 0 Characters Raid Points.
2026.06.06 22:11:42,732	INFO	3	com.l2journey.commons.util.IXmlReader	PetDataTable: Loaded 52 pets.
2026.06.06 22:11:42,737	INFO	3	com.l2journey.gameserver.GameServer	---------------------------------------------------=[ Clans ]
2026.06.06 22:11:42,759	INFO	3	com.l2journey.gameserver.communitybbs.Manager.ForumsBBSManager	ForumsBBSManager: Loaded 4 forums. Last forum id used: 4
2026.06.06 22:11:42,761	INFO	3	com.l2journey.gameserver.data.sql.ClanTable	ClanTable: Restored 0 clans from the database.
2026.06.06 22:11:42,771	INFO	3	com.l2journey.gameserver.managers.CHSiegeManager	CHSiegeManager: Loaded 6 conquerable clan halls.
2026.06.06 22:11:42,848	INFO	3	com.l2journey.gameserver.managers.ClanHallAuctionManager	ClanHallAuctionManager: Loaded 38 auction(s)
2026.06.06 22:11:42,850	INFO	3	com.l2journey.gameserver.data.sql.ClanHallTable	ClanHallTable: Loaded 0 clan halls
2026.06.06 22:11:42,851	INFO	3	com.l2journey.gameserver.data.sql.ClanHallTable	ClanHallTable: Loaded 38 free clan halls
2026.06.06 22:11:42,851	INFO	3	com.l2journey.gameserver.GameServer	-------------------------------------------------=[ Geodata ]
2026.06.06 22:11:42,854	INFO	3	com.l2journey.commons.terrain.geoengine.NullDriver	Geodata disabled
2026.06.06 22:11:42,854	INFO	3	com.l2journey.gameserver.GameServer	----------------------------------------------------=[ NPCs ]
2026.06.06 22:11:42,912	INFO	3	com.l2journey.gameserver.managers.ZoneManager	ZoneManager 17 by 18 Zone Region Grid set up.
2026.06.06 22:11:46,100	INFO	3	com.l2journey.commons.util.IXmlReader	NpcData: Loaded 10461 NPCs.
2026.06.06 22:11:46,152	INFO	3	com.l2journey.commons.util.IXmlReader	NpcData: Loaded 30 custom NPCs.
2026.06.06 22:11:46,164	INFO	3	com.l2journey.commons.util.IXmlReader	SkillLearnData: Loaded 256 skill learn data.
2026.06.06 22:11:46,172	INFO	3	com.l2journey.gameserver.managers.GrandBossManager	GrandBossManager: Gigantic Chaos Golem(25512) status is 0.
2026.06.06 22:11:46,173	INFO	3	com.l2journey.gameserver.managers.GrandBossManager	GrandBossManager: Queen Ant(29001) status is 0.
2026.06.06 22:11:46,173	INFO	3	com.l2journey.gameserver.managers.GrandBossManager	GrandBossManager: Core(29006) status is 0.
2026.06.06 22:11:46,174	INFO	3	com.l2journey.gameserver.managers.GrandBossManager	GrandBossManager: Orfen(29014) status is 0.
2026.06.06 22:11:46,174	INFO	3	com.l2journey.gameserver.managers.GrandBossManager	GrandBossManager: Baium(29020) status is 0.
2026.06.06 22:11:46,174	INFO	3	com.l2journey.gameserver.managers.GrandBossManager	GrandBossManager: Valakas(29028) status is 0.
2026.06.06 22:11:46,174	INFO	3	com.l2journey.gameserver.managers.GrandBossManager	GrandBossManager: Antharas(29068) status is 0.
2026.06.06 22:11:46,175	INFO	3	com.l2journey.gameserver.managers.GrandBossManager	GrandBossManager: Beleth(29118) status is 0.
2026.06.06 22:11:46,175	INFO	3	com.l2journey.gameserver.managers.GrandBossManager	GrandBossManager: Loaded 8 Instances
2026.06.06 22:11:46,630	INFO	3	com.l2journey.gameserver.managers.ZoneManager	ZoneManager: Loaded 35 zone classes and 2867 zones.
2026.06.06 22:11:46,640	INFO	3	com.l2journey.gameserver.managers.ZoneManager	ZoneManager: Last static id 200224.
2026.06.06 22:11:46,795	INFO	3	com.l2journey.commons.util.IXmlReader	DoorData: Loaded 1301 doors.
2026.06.06 22:11:46,806	INFO	3	FenceData	FenceData: Loaded 1 fences.
2026.06.06 22:11:46,828	INFO	3	com.l2journey.gameserver.data.xml.LevelUpCrystalData	Soul crystal data : Loaded 54
2026.06.06 22:11:46,828	INFO	3	com.l2journey.gameserver.data.xml.LevelUpCrystalData	Npc leveling crystal data : Loaded 240
2026.06.06 22:11:47,990	INFO	3	com.l2journey.gameserver.managers.WalkingManager	WalkingManager: Loaded 123 walking routes.
2026.06.06 22:11:48,001	INFO	3	com.l2journey.commons.util.IXmlReader	StaticObjectData: Loaded 51 static object templates.
2026.06.06 22:11:48,022	INFO	3	com.l2journey.gameserver.model.itemauction.ItemAuctionInstance	ItemAuctionInstance: Loaded 82 item(s) and registered 1 auction(s) for instance 32320.
2026.06.06 22:11:48,029	INFO	3	com.l2journey.gameserver.model.itemauction.ItemAuctionInstance	ItemAuctionInstance: Schedule current auction 4 for instance 32320
2026.06.06 22:11:48,033	INFO	51	com.l2journey.gameserver.model.itemauction.ItemAuctionInstance	ScheduleAuctionTask: Auction 4 has started for instance 32320
2026.06.06 22:11:48,035	INFO	3	com.l2journey.gameserver.model.itemauction.ItemAuctionInstance	ItemAuctionInstance: Loaded 82 item(s) and registered 1 auction(s) for instance 32321.
2026.06.06 22:11:48,036	INFO	51	com.l2journey.gameserver.model.itemauction.ItemAuctionInstance	ItemAuctionInstance: Schedule current auction 4 for instance 32320
2026.06.06 22:11:48,039	INFO	3	com.l2journey.gameserver.model.itemauction.ItemAuctionInstance	ItemAuctionInstance: Schedule current auction 5 for instance 32321
2026.06.06 22:11:48,043	INFO	59	com.l2journey.gameserver.model.itemauction.ItemAuctionInstance	ScheduleAuctionTask: Auction 5 has started for instance 32321
2026.06.06 22:11:48,043	INFO	59	com.l2journey.gameserver.model.itemauction.ItemAuctionInstance	ItemAuctionInstance: Schedule current auction 5 for instance 32321
2026.06.06 22:11:48,043	INFO	3	com.l2journey.gameserver.model.itemauction.ItemAuctionInstance	ItemAuctionInstance: Loaded 82 item(s) and registered 1 auction(s) for instance 32322.
2026.06.06 22:11:48,049	INFO	3	com.l2journey.gameserver.model.itemauction.ItemAuctionInstance	ItemAuctionInstance: Schedule current auction 6 for instance 32322
2026.06.06 22:11:48,049	INFO	3	com.l2journey.gameserver.managers.ItemAuctionManager	ItemAuctionManager: Loaded 3 instance(s).
2026.06.06 22:11:48,054	INFO	63	com.l2journey.gameserver.model.itemauction.ItemAuctionInstance	ScheduleAuctionTask: Auction 6 has started for instance 32322
2026.06.06 22:11:48,054	INFO	63	com.l2journey.gameserver.model.itemauction.ItemAuctionInstance	ItemAuctionInstance: Schedule current auction 6 for instance 32322
2026.06.06 22:11:48,074	INFO	3	com.l2journey.gameserver.managers.CastleManager	CastleManager: Loaded 9 castles
2026.06.06 22:11:48,088	INFO	3	com.l2journey.gameserver.data.SchemeBufferTable	SchemeBufferTable: Loaded 0 players schemes and 60 available buffs.
2026.06.06 22:11:48,090	INFO	3	com.l2journey.gameserver.managers.GrandBossManager	GrandBossManager: Initialized 8 Grand Boss Zones
2026.06.06 22:11:48,091	INFO	3	com.l2journey.gameserver.GameServer	------------------------------------------------=[ Olympiad ]
2026.06.06 22:11:48,309	INFO	64	com.l2journey.gameserver.model.itemauction.ItemAuctionInstance	ItemAuctionInstance: Auction 6 has finished. There have not been any bid for instance 32322
2026.06.06 22:11:48,309	INFO	57	com.l2journey.gameserver.model.itemauction.ItemAuctionInstance	ItemAuctionInstance: Auction 4 has finished. There have not been any bid for instance 32320
2026.06.06 22:11:48,309	INFO	61	com.l2journey.gameserver.model.itemauction.ItemAuctionInstance	ItemAuctionInstance: Auction 5 has finished. There have not been any bid for instance 32321
2026.06.06 22:11:48,312	INFO	64	com.l2journey.gameserver.model.itemauction.ItemAuctionInstance	ItemAuctionInstance: Schedule next auction 9 on 17:00:00 10.06.26 for instance 32322
2026.06.06 22:11:48,312	INFO	61	com.l2journey.gameserver.model.itemauction.ItemAuctionInstance	ItemAuctionInstance: Schedule next auction 8 on 17:00:00 08.06.26 for instance 32321
2026.06.06 22:11:48,312	INFO	57	com.l2journey.gameserver.model.itemauction.ItemAuctionInstance	ItemAuctionInstance: Schedule next auction 7 on 17:00:00 12.06.26 for instance 32320
2026.06.06 22:11:48,313	INFO	3	com.l2journey.gameserver.model.olympiad.Olympiad	Olympiad System: Loading....
2026.06.06 22:11:48,314	INFO	3	com.l2journey.gameserver.model.olympiad.Olympiad	Olympiad System: Currently in Olympiad Period
2026.06.06 22:11:48,314	INFO	3	com.l2journey.gameserver.model.olympiad.Olympiad	Olympiad System: 24 days, 13 hours and 48 mins until period ends.
2026.06.06 22:11:48,314	INFO	3	com.l2journey.gameserver.model.olympiad.Olympiad	Olympiad System: Next weekly change is in 6 days, 23 hours and 49 mins.
2026.06.06 22:11:48,315	INFO	3	com.l2journey.gameserver.model.olympiad.Olympiad	Olympiad System: Loaded 0 Nobles
2026.06.06 22:11:48,320	INFO	3	com.l2journey.gameserver.model.olympiad.Olympiad	Olympiad System: Competition Period Starts in 0 days, 0 hours and 0 mins.
2026.06.06 22:11:48,326	INFO	3	com.l2journey.gameserver.model.olympiad.Olympiad	Olympiad System: Event starts/started: Sat Jun 06 18:00:48 EEST 2026
2026.06.06 22:11:48,330	INFO	3	com.l2journey.gameserver.model.olympiad.Hero	Hero System: Loaded 0 Heroes.
2026.06.06 22:11:48,330	INFO	3	com.l2journey.gameserver.model.olympiad.Hero	Hero System: Loaded 0 all time Heroes.
2026.06.06 22:11:48,330	INFO	3	com.l2journey.gameserver.GameServer	---------------------------------------------=[ Seven Signs ]
2026.06.06 22:11:48,336	INFO	3	com.l2journey.gameserver.model.sevensigns.SevenSigns	SevenSigns: Currently in the Seal Validation period!
2026.06.06 22:11:48,337	INFO	3	com.l2journey.gameserver.model.sevensigns.SevenSigns	SevenSigns: The Seal of Avarice remains unclaimed.
2026.06.06 22:11:48,337	INFO	3	com.l2journey.gameserver.model.sevensigns.SevenSigns	SevenSigns: The Seal of Gnosis remains unclaimed.
2026.06.06 22:11:48,337	INFO	3	com.l2journey.gameserver.model.sevensigns.SevenSigns	SevenSigns: The Seal of Strife remains unclaimed.
2026.06.06 22:11:48,337	INFO	3	com.l2journey.gameserver.model.sevensigns.SevenSigns	SevenSigns: The competition ended with a tie last week.
2026.06.06 22:11:48,338	INFO	3	com.l2journey.gameserver.model.sevensigns.SevenSigns	SevenSigns: Next period change was in the past (server was offline), changing periods now!
2026.06.06 22:11:48,338	INFO	3	com.l2journey.gameserver.model.sevensigns.SevenSigns	SevenSigns: Next period begins in 0 days, 0 hours and 0 mins.
2026.06.06 22:11:48,338	INFO	3	com.l2journey.gameserver.GameServer	---------------------------------------------------=[ Cache ]
2026.06.06 22:11:48,340	INFO	66	com.l2journey.gameserver.model.olympiad.Olympiad	Olympiad System: Olympiad Games have started.
2026.06.06 22:11:48,340	INFO	66	olympiad	Result,Player1,Player2,Player1 HP,Player2 HP,Player1 Damage,Player2 Damage,Points,Classed
2026.06.06 22:11:48,340	INFO	3	com.l2journey.gameserver.cache.HtmCache	Cache[HTML]: Running lazy cache.
2026.06.06 22:11:48,344	INFO	3	com.l2journey.gameserver.data.sql.CrestTable	CrestTable: Loaded 0 Crests.
2026.06.06 22:11:48,349	INFO	68	com.l2journey.gameserver.model.sevensigns.SevenSignsFestival	SevenSignsFestival: The first Festival of Darkness cycle begins in 2 minute(s).
2026.06.06 22:11:48,360	INFO	3	com.l2journey.gameserver.data.sql.TeleportLocationTable	TeleportLocationTable: Loaded 957 teleport location templates.
2026.06.06 22:11:48,374	INFO	3	com.l2journey.gameserver.data.xml.UIData	UIData: Loaded 4 keys 5 categories.
2026.06.06 22:11:48,407	INFO	68	com.l2journey.gameserver.model.sevensigns.SevenSignsFestival	SevenSignsFestival: Reinitialized engine for next competition period.
2026.06.06 22:11:48,532	INFO	68	com.l2journey.gameserver.model.sevensigns.SevenSigns	SevenSigns: The Quest Event Initialization period has begun!
2026.06.06 22:11:48,533	INFO	68	com.l2journey.gameserver.model.sevensigns.SevenSigns	SevenSigns: Next period change set to Sat Jun 06 22:26:48 EEST 2026
2026.06.06 22:11:48,541	INFO	3	com.l2journey.gameserver.data.AugmentationData	AugmentationData: Loaded 33960 augmentations.
2026.06.06 22:11:48,542	INFO	3	com.l2journey.gameserver.data.AugmentationData	AugmentationData: Loaded 2754 accessory augmentations.
2026.06.06 22:11:48,553	INFO	3	com.l2journey.gameserver.managers.CursedWeaponsManager	CursedWeaponsManager: Loaded : 2 cursed weapon(s).
2026.06.06 22:11:48,763	INFO	66	com.l2journey.gameserver.model.olympiad.OlympiadGameManager	Olympiad System: Loaded 160 stadiums.
2026.06.06 22:11:49,275	INFO	3	com.l2journey.commons.util.IXmlReader	TransformData: Loaded 111 transform templates.
2026.06.06 22:11:49,294	INFO	3	com.l2journey.gameserver.data.BotReportTable	BotReportTable: Loaded 0 bot reports
2026.06.06 22:11:49,304	INFO	3	com.l2journey.gameserver.managers.DailyRewardManager	DailyRewardManager: Loaded 31 daily rewards.
2026.06.06 22:11:49,306	INFO	3	com.l2journey.gameserver.managers.DailyRewardManager	DailyRewardManager: Loaded 1 player reward records.
2026.06.06 22:11:49,307	INFO	3	com.l2journey.gameserver.managers.DailyRewardManager	DailyRewardManager: Next daily reset scheduled for 06:30
2026.06.06 22:11:49,311	INFO	3	com.l2journey.gameserver.managers.HitmanManager	HitmanManager: Loaded 0 active assassination targets.
2026.06.06 22:11:49,312	INFO	3	com.l2journey.gameserver.managers.HitmanManager	HitmanManager: Hitman Event Manager initialized.
2026.06.06 22:11:49,316	INFO	3	com.l2journey.gameserver.network.SystemMessageId	SystemMessageId: Loaded localisations for [br].
2026.06.06 22:11:49,322	INFO	3	com.l2journey.gameserver.network.NpcStringId	NpcStringId: Loaded localisations for [br].
2026.06.06 22:11:49,328	INFO	3	com.l2journey.gameserver.data.xml.SendMessageLocalisationData	SendMessageLocalisationData: Loaded localisations for [br].
2026.06.06 22:11:49,334	INFO	3	com.l2journey.gameserver.data.xml.NpcNameLocalisationData	NpcNameLocalisationData: Loaded localisations for [br].
2026.06.06 22:11:49,335	INFO	3	com.l2journey.gameserver.GameServer	-------------------------------------------------=[ Scripts ]
2026.06.06 22:11:49,342	INFO	3	com.l2journey.gameserver.managers.AirShipManager	AirShipManager: Loaded 0 private airships
2026.06.06 22:11:49,346	INFO	3	com.l2journey.gameserver.managers.SoDManager	Seed of Destruction Manager: Loaded. Current stage is: 1
2026.06.06 22:11:49,348	INFO	3	com.l2journey.gameserver.managers.SoIManager	Seed of Infinity Manager: Loaded. Current stage is: 1
2026.06.06 22:11:49,348	INFO	3	com.l2journey.gameserver.GameServer	Loading server scripts...
2026.06.06 22:11:53,793	INFO	3	handlers.MasterHandler	Loading Handlers...
2026.06.06 22:11:53,943	INFO	3	handlers.communityboard.TipsBoard	TipsBoard: Loaded 12 community board tips.
2026.06.06 22:11:53,963	INFO	3	handlers.MasterHandler	ActionHandler: Loaded 10 handlers.
2026.06.06 22:11:53,963	INFO	3	handlers.MasterHandler	ActionShiftHandler: Loaded 6 handlers.
2026.06.06 22:11:53,964	INFO	3	handlers.MasterHandler	AdminCommandHandler: Loaded 460 handlers.
2026.06.06 22:11:53,964	INFO	3	handlers.MasterHandler	BypassHandler: Loaded 57 handlers.
2026.06.06 22:11:53,964	INFO	3	handlers.MasterHandler	ChatHandler: Loaded 14 handlers.
2026.06.06 22:11:53,964	INFO	3	handlers.MasterHandler	CommunityBoardHandler: Loaded 40 handlers.
2026.06.06 22:11:53,964	INFO	3	handlers.MasterHandler	ItemHandler: Loaded 30 handlers.
2026.06.06 22:11:53,965	INFO	3	handlers.MasterHandler	PunishmentHandler: Loaded 3 handlers.
2026.06.06 22:11:53,965	INFO	3	handlers.MasterHandler	UserCommandHandler: Loaded 17 handlers.
2026.06.06 22:11:53,965	INFO	3	handlers.MasterHandler	VoicedCommandHandler: Loaded 24 handlers.
2026.06.06 22:11:53,965	INFO	3	handlers.MasterHandler	TargetHandler: Loaded 34 handlers.
2026.06.06 22:11:53,965	INFO	3	handlers.MasterHandler	Handlers Loaded...
2026.06.06 22:12:10,572	INFO	3	ai.areas.DenOfEvil.DenOfEvil	[Den of Evil] Loaded 44 eye spawn locations.
2026.06.06 22:12:10,602	INFO	3	com.l2journey.gameserver.model.quest.Quest	Handy's Block Checker Event is enabled
2026.06.06 22:12:10,607	INFO	3	com.l2journey.gameserver.model.quest.Quest	Fantasy Isle: Parade starting at 2026/06/07 01:20 and is scheduled each next 1 hours.
2026.06.06 22:12:10,610	INFO	3	com.l2journey.gameserver.model.quest.Quest	Fantasy Isle: MC show script starting at 07/06/2026 05:29:10 and is scheduled each next 4 hours.
2026.06.06 22:12:10,672	INFO	3	ai.areas.Gracia.GraciaLoader	GraciaLoader: Loading Gracia related scripts.
2026.06.06 22:12:10,794	INFO	3	ai.areas.Hellbound.HellboundLoader	HellboundLoader: Loading Hellbound related scripts:
2026.06.06 22:12:10,800	INFO	3	com.l2journey.commons.util.IXmlReader	HellboundPointData: Loaded 47 trust point reward data.
2026.06.06 22:12:10,823	INFO	3	com.l2journey.commons.util.IXmlReader	HellboundSpawns: Loaded 598 Hellbound spawns.
2026.06.06 22:12:10,826	INFO	3	com.l2journey.gameserver.model.quest.Quest	HellboundEngine: Level: 11
2026.06.06 22:12:10,826	INFO	3	com.l2journey.gameserver.model.quest.Quest	HellboundEngine: Trust: 4000000
2026.06.06 22:12:10,826	INFO	3	com.l2journey.gameserver.model.quest.Quest	HellboundEngine: Status: unlocked.
2026.06.06 22:12:10,911	INFO	3	com.l2journey.gameserver.managers.RaidBossSpawnManager	RaidBossSpawnManager: Loaded 188 Instances
2026.06.06 22:12:10,912	INFO	3	com.l2journey.gameserver.managers.RaidBossSpawnManager	RaidBossSpawnManager: Scheduled 0 Instances
2026.06.06 22:12:11,012	INFO	3	ai.areas.ImperialTomb.FourSepulchers.FourSepulchers	[Four Sepulchers] Loaded 762 spawn zones data.
2026.06.06 22:12:11,067	INFO	3	ai.bosses.Core.Core	Core: Loaded 19 minion spawns.
2026.06.06 22:12:11,092	INFO	3	ai.npc.Achievements.AchievementNpc	Achievements: Loaded
2026.06.06 22:12:11,097	INFO	3	ai.npc.Achievements.AchievementNpc	AchievementNpc: Categories: 5, Achievements: 15
2026.06.06 22:12:11,199	INFO	3	com.l2journey.commons.util.IXmlReader	NpcBuffersData: Loaded 33 buffers data.
2026.06.06 22:12:11,284	CONFIG	3	conquerablehalls.BanditStronghold.BanditStronghold	Bandit StrongHold siege scheduled for Sun Jun 14 12:00:00 EEST 2026.
2026.06.06 22:12:11,289	CONFIG	3	conquerablehalls.DevastatedCastle.DevastatedCastle	Devastated Castle siege scheduled for Sun Jun 14 12:00:00 EEST 2026.
2026.06.06 22:12:11,293	CONFIG	3	conquerablehalls.FortressOfResistance.FortressOfResistance	Fortress of Resistance siege scheduled for Sun Jun 14 12:00:00 EEST 2026.
2026.06.06 22:12:11,299	CONFIG	3	conquerablehalls.FortressOfTheDead.FortressOfTheDead	Fortress of the Dead siege scheduled for Sun Jun 14 12:00:00 EEST 2026.
2026.06.06 22:12:11,304	CONFIG	3	conquerablehalls.RainbowSpringsChateau.RainbowSpringsChateau	Rainbow Springs siege scheduled for Sun Jun 14 12:00:00 EEST 2026.
2026.06.06 22:12:11,308	CONFIG	3	conquerablehalls.WildBeastReserve.WildBeastReserve	Beast Farm siege scheduled for Sun Jun 14 12:00:00 EEST 2026.
2026.06.06 22:12:11,359	INFO	3	custom.LevelSurvey.LevelSurvey	Level Survey System is disabled in configuration.
2026.06.06 22:12:11,359	INFO	3	custom.LevelSurvey.LevelSurvey	Level Survey System is disabled.
2026.06.06 22:12:11,398	INFO	3	com.l2journey.gameserver.model.quest.Quest	Event Angel Cat has passed... Ignored 
2026.06.06 22:12:11,406	INFO	3	com.l2journey.gameserver.model.quest.Quest	Event Custom Drop Event has passed... Ignored 
2026.06.06 22:12:11,410	INFO	3	com.l2journey.gameserver.model.quest.Quest	Event Freya Celebration has passed... Ignored 
2026.06.06 22:12:11,414	INFO	3	com.l2journey.gameserver.model.quest.Quest	Event Gift of Vitality has passed... Ignored 
2026.06.06 22:12:11,419	INFO	3	com.l2journey.gameserver.model.quest.Quest	Event Heavy Medal has passed... Ignored 
2026.06.06 22:12:11,424	INFO	3	com.l2journey.gameserver.model.quest.Quest	Event L2 Day has passed... Ignored 
2026.06.06 22:12:11,430	INFO	3	com.l2journey.gameserver.model.quest.Quest	Event Lovers' Jubilee has passed... Ignored 
2026.06.06 22:12:11,435	INFO	3	com.l2journey.gameserver.model.quest.Quest	Event Love Your Gatekeeper has passed... Ignored 
2026.06.06 22:12:11,440	INFO	3	com.l2journey.gameserver.model.quest.Quest	Event Master of Enchanting has passed... Ignored 
2026.06.06 22:12:11,447	INFO	3	com.l2journey.gameserver.model.quest.Quest	Event Saving Santa has passed... Ignored 
2026.06.06 22:12:11,452	INFO	3	com.l2journey.gameserver.model.quest.Quest	Event Valentine Event has passed... Ignored 
2026.06.06 22:12:11,460	INFO	3	com.l2journey.gameserver.model.quest.Quest	Event Watermelon Ninja has passed... Ignored 
2026.06.06 22:12:11,503	INFO	3	instances.FinalEmperialTomb.FinalEmperialTomb	[Final Emperial Tomb] Loaded 26 spawn zones data.
2026.06.06 22:12:11,503	INFO	3	instances.FinalEmperialTomb.FinalEmperialTomb	[Final Emperial Tomb] Loaded 94 spawns data.
2026.06.06 22:12:11,972	INFO	68	com.l2journey.gameserver.model.quest.Quest	HellboundEngine: Spawned 424 NPCs.
2026.06.06 22:12:12,346	INFO	3	com.l2journey.gameserver.model.quest.Quest	TerritoryWarSuperClass: Siege date: Sun Jun 07 22:00:00 EEST 2026
2026.06.06 22:12:12,398	INFO	3	com.l2journey.gameserver.data.xml.SpawnData	SpawnData: Initializing spawns...
2026.06.06 22:12:19,920	INFO	3	com.l2journey.gameserver.data.xml.SpawnData	SpawnData: 40645 spawns have been initialized!
2026.06.06 22:12:19,923	INFO	3	com.l2journey.gameserver.managers.DayNightSpawnManager	DayNightSpawnManager: Removed 0 night creatures
2026.06.06 22:12:19,944	INFO	3	com.l2journey.gameserver.managers.DayNightSpawnManager	DayNightSpawnManager: Spawned 232 day creatures
2026.06.06 22:12:19,951	INFO	3	com.l2journey.gameserver.managers.DimensionalRiftManager	DimensionalRiftManager: Loaded 7 room types with 56 rooms.
2026.06.06 22:12:19,957	INFO	3	com.l2journey.gameserver.managers.DimensionalRiftManager	DimensionalRiftManager: Loaded 462 dimensional rift spawns, 0 errors.
2026.06.06 22:12:19,958	INFO	3	com.l2journey.gameserver.GameServer	---------------------------------------------------=[ Siege ]
2026.06.06 22:12:19,971	INFO	3	com.l2journey.gameserver.data.xml.SiegeScheduleData	SiegeScheduleData: Loaded 9 siege schedulers.
2026.06.06 22:12:19,971	INFO	3	com.l2journey.gameserver.model.siege.Siege	Siege of Gludio: Sun Jun 14 16:00:00 EEST 2026
2026.06.06 22:12:19,973	INFO	3	com.l2journey.gameserver.model.siege.Siege	Siege of Dion: Sun Jun 14 20:00:00 EEST 2026
2026.06.06 22:12:19,974	INFO	3	com.l2journey.gameserver.model.siege.Siege	Siege of Giran: Sun Jun 14 16:00:00 EEST 2026
2026.06.06 22:12:19,975	INFO	3	com.l2journey.gameserver.model.siege.Siege	Siege of Oren: Sun Jun 14 20:00:00 EEST 2026
2026.06.06 22:12:19,976	INFO	3	com.l2journey.gameserver.model.siege.Siege	Siege of Aden: Sun Jun 14 16:00:00 EEST 2026
2026.06.06 22:12:19,977	INFO	3	com.l2journey.gameserver.model.siege.Siege	Siege of Innadril: Sun Jun 14 20:00:00 EEST 2026
2026.06.06 22:12:19,978	INFO	3	com.l2journey.gameserver.model.siege.Siege	Siege of Goddard: Sun Jun 14 16:00:00 EEST 2026
2026.06.06 22:12:19,979	INFO	3	com.l2journey.gameserver.model.siege.Siege	Siege of Rune: Sun Jun 14 20:00:00 EEST 2026
2026.06.06 22:12:19,979	INFO	3	com.l2journey.gameserver.model.siege.Siege	Siege of Schuttgart: Sun Jun 14 16:00:00 EEST 2026
2026.06.06 22:12:20,086	INFO	3	com.l2journey.gameserver.managers.FortManager	FortManager: Loaded 21 fortress
2026.06.06 22:12:20,201	INFO	3	com.l2journey.commons.util.IXmlReader	CastleManorManager: Loaded 258 seeds.
2026.06.06 22:12:20,208	INFO	3	com.l2journey.commons.util.IXmlReader	CastleManorManager: Manor data loaded.
2026.06.06 22:12:20,213	INFO	3	com.l2journey.gameserver.managers.MercTicketManager	MercTicketManager: Loaded 0 Mercenary Tickets
2026.06.06 22:12:20,214	INFO	3	com.l2journey.gameserver.managers.QuestManager	QuestManager: Loaded 539 quests.
2026.06.06 22:12:20,214	INFO	3	com.l2journey.gameserver.managers.QuestManager	QuestManager: Loaded 320 scripts.
2026.06.06 22:12:20,218	INFO	3	com.l2journey.gameserver.managers.games.MonsterRaceManager	MonsterRace: loaded 7 records, currently on race #8
2026.06.06 22:12:20,226	INFO	3	com.l2journey.gameserver.GameServer	AutoSpawnHandler: Loaded 129 handlers in total.
2026.06.06 22:12:20,228	INFO	3	com.l2journey.gameserver.managers.CoupleManager	CoupleManager: Loaded 0 couples(s)
2026.06.06 22:12:20,231	INFO	3	com.l2journey.gameserver.managers.FishingChampionshipManager	FishingChampionshipManager : new event period start.
2026.06.06 22:12:20,239	INFO	3	com.l2journey.gameserver.managers.games.KrateisCubeManager	KrateisCubeManager: Loaded 3 arena templates.
2026.06.06 22:12:20,248	INFO	3	com.l2journey.gameserver.managers.games.UndergroundColiseumManager	UndergroundColiseumManager: Loaded 5 coliseum arenas.
2026.06.06 22:12:20,248	INFO	3	com.l2journey.gameserver.managers.games.UndergroundColiseumManager	UndergroundColiseumManager: Starts at 07/06/2026 21:00:00
2026.06.06 22:12:20,260	INFO	3	com.l2journey.gameserver.taskmanagers.PersistentTaskManager	PersistentTaskManager: Loaded 10 Tasks.
2026.06.06 22:12:20,262	INFO	3	com.l2journey.gameserver.managers.MailManager	MailManager: Loaded 0 messages.
2026.06.06 22:12:20,265	INFO	3	com.l2journey.gameserver.managers.PunishmentManager	PunishmentManager: Loaded 0 active and 0 expired punishments.
2026.06.06 22:12:20,266	INFO	3	com.l2journey.gameserver.GameServer	-----------------------------------------------=[ IdManager ]
2026.06.06 22:12:20,266	INFO	3	com.l2journey.gameserver.GameServer	IdManager: Free ObjectID's remaining: 1879000394
2026.06.06 22:12:20,266	INFO	3	com.l2journey.gameserver.GameServer	-------------------------------------------=[ Events Engine ]
2026.06.06 22:12:20,267	INFO	3	com.l2journey.gameserver.managers.TownWarManager	TownWar: Disabled.
2026.06.06 22:12:20,267	INFO	3	com.l2journey.gameserver.GameServer	-------------------------------------------------------------
2026.06.06 22:12:20,270	INFO	104	com.l2journey.commons.util.DeadlockWatcher	DeadlockWatcher: Thread started.
2026.06.06 22:12:23,906	INFO	3	com.l2journey.gameserver.GameServer	GameServer: Started, using 812 of 4096 MB total memory.
2026.06.06 22:12:23,907	INFO	3	com.l2journey.gameserver.GameServer	GameServer: Maximum number of connected players is 2000.
2026.06.06 22:12:23,908	INFO	3	com.l2journey.gameserver.GameServer	GameServer: Server loaded in 57 seconds.
2026.06.06 22:12:23,933	INFO	106	com.l2journey.gameserver.LoginServerThread	LoginServerThread: Connecting to login on 127.0.0.1:9014
2026.06.06 22:12:24,023	INFO	106	com.l2journey.gameserver.LoginServerThread	LoginServerThread: Registered on login as Server 16: Aeterna x5
